[quizzory.com/index.html]
[pagead2.googlesyndication.com/pagead/js/f.txt]
[quizzory.com/js/ganalytics.js]
[quizzory.com/images/favicon.ico]
[quizzory.com/css/home.css]
[quizzory.com/css/material.css]
[backblue.gif]
[fade.gif]
[index.html]
[quizzory.com/js/material.js]
[quizzory.com/images/getstarted.svg]
[play.google.com/intl/en_us/badges/static/images/badges/en_badge_web_generic.png]
[surveyheartmedia.s3.ap-south-1.amazonaws.com/themes/sh_1600143756142.jpg]
[surveyheartmedia.s3.ap-south-1.amazonaws.com/themes/sh_1600145785808.jpg]
[surveyheartmedia.s3.ap-south-1.amazonaws.com/themes/sh_1600348971048.jpg]
[quizzory.com/images/thumbnail_512_342/shake_hands.jpg]
[quizzory.com/images/thumbnail_512_342/green_farm.jpg]
[quizzory.com/images/thumbnail_512_342/aeroplane.jpg]
[quizzory.com/images/thumbnail_512_342/online_reg.jpg]
[surveyheartmedia.s3.ap-south-1.amazonaws.com/themes/sh_1600143608558.jpg]
[surveyheartmedia.s3.ap-south-1.amazonaws.com/themes/sh_1600352872464.jpg]
[quizzory.com/images/thumbnail_512_342/online_marketing.jpg]
[surveyheartmedia.s3.ap-south-1.amazonaws.com/themes/sh_1600149265136.jpg]
[quizzory.com/images/quizzory_promo_1.png]
[quizzory.com/images/build.png]
[quizzory.com/images/file_copy.svg]
[quizzory.com/images/view.svg]
[quizzory.com/images/no_signal.svg]
[quizzory.com/images/notifications.svg]
[quizzory.com/images/chart.svg]
[quizzory.com/images/export.svg]
[quizzory.com/images/theme.svg]
[quizzory.com/images/quizzory_promo_2.png]
[quizzory.com/images/chris_profile.png]
[quizzory.com/images/vignesh_profile.jpg]
[quizzory.com/images/jk_profile1.png]
[quizzory.com/images/vijay_profile.png]
[quizzory.com/images/indira_sister.jpg]
[quizzory.com/images/arun.jpg]
[quizzory.com/privacypolicy.html]
[quizzory.com/terms.html]
[www.google-analytics.com/analytics.js]
[quizzory.com/index.html]
[quizzory.com/images/home_bg.jpg]
[quizzory.com/css/home.css]
[quizzory.com/css/material.css]
[quizzory.com/images/getstarted.svg]
[quizzory.com/images/thumbnail_512_342/doctor.jpeg]
[quizzory.com/images/quizzory.svg]
[quizzory.com/images/file_copy.svg]
[quizzory.com/images/clock.svg]
[quizzory.com/images/file_copy-24px.html]
[quizzory.com/images/view.svg]
[quizzory.com/images/visibility-24px.html]
[quizzory.com/images/no_signal.svg]
[quizzory.com/images/signal_wifi_off-24px.html]
[quizzory.com/images/notifications.svg]
[quizzory.com/images/notifications-24px.html]
[quizzory.com/images/chart.svg]
[quizzory.com/images/insert_chart-24px.html]
[quizzory.com/images/export.svg]
[quizzory.com/images/cloud_download-24px.html]
[quizzory.com/images/theme.svg]
[quizzory.com/images/image-24px.html]
[quizzory.com/images/favicon.png]
[quizzory.com/privacypolicy.html]
[quizzory.com/terms.html]
[quizzory.com/images/quizzory.svg]
[quizzory.com/images/file_copy-24px.html]
[quizzory.com/images/visibility-24px.html]
[quizzory.com/images/signal_wifi_off-24px.html]
[quizzory.com/images/notifications-24px.html]
[quizzory.com/images/insert_chart-24px.html]
[quizzory.com/images/cloud_download-24px.html]
[quizzory.com/images/image-24px.html]
[quizzory.com/images/web_mob_view.png]
[quizzory.com/images/error.svg]
